Resolving dependencies...
Downloading packages...
  audioplayers 6.7.1 (6.8.1 available)
  audioplayers_android 5.2.1 (5.3.0 available)
  audioplayers_darwin 6.4.0 (6.5.0 available)
  audioplayers_linux 4.2.1 (4.3.0 available)
  audioplayers_platform_interface 7.1.1 (7.2.0 available)
  audioplayers_web 5.2.1 (5.3.0 available)
  audioplayers_windows 4.3.1 (4.4.1 available)
  clock 1.1.2 (1.1.3 available)
  code_assets 1.2.1 (2.1.0 available)
  hooks 2.0.2 (2.2.0 available)
  matcher 0.12.18 (0.12.20 available)
  material_color_utilities 0.13.0 (0.13.1 available)
  meta 1.17.0 (1.19.0 available)
  objective_c 9.5.0 (9.6.0 available)
  platform 3.1.6 (3.2.0 available)
  record_use 0.6.0 (1.1.1 available)
  shared_preferences_android 2.4.23 (2.4.28 available)
  stack_trace 1.12.1 (1.12.2 available)
  synchronized 3.4.0+1 (3.4.2 available)
  test_api 0.7.9 (0.7.14 available)
  vector_math 2.2.0 (2.4.3 available)
Got dependencies!
21 packages have newer versions incompatible with dependency constraints.
Try `flutter pub outdated` for more information.
00:00 +0: loading /app/test/character_shop_test.dart
00:00 +0: /app/test/character_shop_test.dart: CharacterData Dataset Tests CharacterData contains exactly 50 unique characters
00:00 +1: /app/test/character_shop_test.dart: CharacterData Dataset Tests Character 1 is default Forest Adventurer character with 0 price
00:00 +2: /app/test/character_shop_test.dart: CharacterProgressController Logic Tests Initial state unlocks char_1 and sets default selection
00:00 +3: /app/test/character_shop_test.dart: CharacterProgressController Logic Tests Purchasing character with sufficient coins deducts balance and unlocks character
00:00 +4: /app/test/character_shop_test.dart: CharacterProgressController Logic Tests Purchasing character with insufficient coins fails without deducting balance
00:00 +5: /app/test/character_shop_test.dart: CharacterProgressController Logic Tests Selecting unlocked character updates active character selection
00:00 +6: /app/test/character_shop_test.dart: CharacterShopScreen UI Widget Tests CharacterShopScreen renders header, coin balance, and character grid
00:01 +7: /app/test/widget_test.dart: EnchantedForestApp renders main menu properly
00:01 +8: /app/test/character_shop_test.dart: CharacterShopScreen UI Widget Tests MainMenuScreen renders SHOP button and navigates to CharacterShopScreen
00:02 +9: /app/test/zombie_mode_test.dart: ZombieEntity Health Tests Normal and Fast Zombies have 1 health and die in a single hit
00:02 +10: /app/test/zombie_mode_test.dart: ZombieEntity Health Tests Large Zombies have 5 health
00:02 +11: /app/test/zombie_mode_test.dart: ZombieMode Exact Wave Config Tests Wave 1 to Wave 10 have exact required counts
00:02 +12: /app/test/zombie_mode_test.dart: ZombieGameEngine Skydrop Weapon Drop Tests 10 Zombie Milestone triggers AK-47 skydrop supply box
00:02 +13: /app/test/zombie_mode_test.dart: Zombie Mode UI Widget Tests MainMenuScreen renders ZOMBIE MODE button with stats badge
00:02 +14: /app/test/zombie_mode_test.dart: Zombie Mode UI Widget Tests MainMenuScreen renders ZOMBIE MODE button with stats badge
00:03 +15: /app/test/zombie_mode_test.dart: Zombie Mode UI Widget Tests MainMenuScreen renders ZOMBIE MODE button with stats badge
00:03 +16: /app/test/zombie_mode_test.dart: Zombie Mode UI Widget Tests Tapping ZOMBIE MODE button navigates to ZombieIntroScreen
00:03 +17: /app/test/custom_map_test.dart: CustomMapData Model Tests Default CustomMapData initializes with player start and finish portal
00:03 +18: /app/test/custom_map_test.dart: CustomMapData Model Tests CustomMapData toJson and fromJson preserve properties
00:03 +19: /app/test/custom_map_test.dart: CustomMapData Model Tests CustomMapData builtInTemplates provides 8 rich templates
00:03 +20: /app/test/custom_map_test.dart: CustomMapProgressController Tests Controller initializes and allows adding, updating, and deleting custom maps
00:04 +21: /app/test/custom_map_test.dart: CustomMapProgressController Tests Controller records play stats and completions
00:04 +22: /app/test/custom_map_test.dart: Create Map UI Widget Tests CreateMapHomeScreen renders tabs and create button
00:04 +23: /app/test/custom_map_test.dart: Create Map UI Widget Tests CreateMapHomeScreen renders tabs and create button
00:04 +24: /app/test/custom_map_test.dart: Create Map UI Widget Tests CreateMapHomeScreen renders tabs and create button
00:04 +25: /app/test/custom_map_test.dart: Create Map UI Widget Tests CreateMapHomeScreen renders tabs and create button
00:04 +26: /app/test/custom_map_test.dart: Create Map UI Widget Tests CreateMapHomeScreen renders tabs and create button
00:04 +27: /app/test/custom_map_test.dart: Create Map UI Widget Tests CreateMapHomeScreen renders tabs and create button
00:04 +28: /app/test/custom_map_test.dart: Create Map UI Widget Tests CreateMapHomeScreen renders tabs and create button
00:04 +29: /app/test/custom_map_test.dart: Create Map UI Widget Tests CreateMapHomeScreen renders tabs and create button
00:04 +30: /app/test/custom_map_test.dart: Create Map UI Widget Tests CreateMapHomeScreen renders tabs and create button
00:04 +31: /app/test/custom_map_test.dart: Create Map UI Widget Tests CreateMapHomeScreen renders tabs and create button
00:04 +32: /app/test/custom_map_test.dart: Create Map UI Widget Tests CreateMapHomeScreen renders tabs and create button
00:04 +33: /app/test/custom_map_test.dart: Create Map UI Widget Tests CreateMapHomeScreen renders tabs and create button
00:04 +34: /app/test/custom_map_test.dart: Create Map UI Widget Tests CreateMapHomeScreen renders tabs and create button
00:04 +35: /app/test/custom_map_test.dart: Create Map UI Widget Tests CreateMapHomeScreen renders tabs and create button
00:04 +36: /app/test/custom_map_test.dart: Create Map UI Widget Tests CreateMapHomeScreen renders tabs and create button
00:04 +37: /app/test/custom_map_test.dart: Create Map UI Widget Tests CreateMapHomeScreen renders tabs and create button
00:05 +38: /app/test/game_test.dart: UI Widgets Tests GameHud renders health, coins, and pause button
00:05 +39: /app/test/game_test.dart: UI Widgets Tests GameHud renders health, coins, and pause button
00:05 +40: /app/test/game_test.dart: UI Widgets Tests GameHud renders health, coins, and pause button
00:05 +41: /app/test/game_test.dart: UI Widgets Tests SettingsOverlay renders sound, music, orientation, and controls section
00:05 +42: /app/test/game_test.dart: UI Widgets Tests LevelSelectScreen renders 10 level cards
00:06 +43: /app/test/game_test.dart: UI Widgets Tests VirtualJoystick renders and triggers callback
00:06 +44: /app/test/game_test.dart: UI Widgets Tests ActionButtons renders jump and attack buttons
00:06 +45: /app/test/game_test.dart: UI Widgets Tests PauseOverlay renders menu options
00:06 +46: /app/test/game_test.dart: UI Widgets Tests GameOverOverlay renders fallen message
00:06 +47: /app/test/game_test.dart: UI Widgets Tests VictoryOverlay renders victory message and coins
00:06 +48: All tests passed!
